{"org_address": "", "org_name": "", "emails": ["abuse@alojalia.com", "angel@alojalia.com"], "name": "ALOJALIA"}
