{"org_address": "", "org_name": "", "emails": ["abuse@vusam.com", "daan.vangorkum@vusam.com"], "name": "Vusam"}
