{
  "name": "elitnet-tr",
  "emails": [
    "mehmet@elitnet.net.tr"
  ],
  "org_name": "ELITNET TELEKOMUNIKASYON INTERNET VE ILETISIM HIZ.TIC LTD.STI.",
  "org_address": "15 Temmuz Mah. 142 Sk . B-Blok No:3 / 9"
}