{"org_address": "", "org_name": "Japan Network Information Center", "emails": [], "name": "JPNIC"}
