{"org_address": "8300 E Maplewood Ave.\r\nSuite 400\nGreenwood Village\nCO\n80111\nUNITED STATES", "org_name": "NTT America, Inc.", "emails": ["abuse@ntt.net", "peering@ntt.net", "support@us.ntt.net", "vipar@us.ntt.net"], "name": "NTT-COMMUNICATIONS-2914"}
