{
  "name": "ORG-WCL1-AFRINIC",
  "emails": [
    "abuse@workonline.africa",
    "communications@workonline.africa",
    "noc@workonline.africa"
  ],
  "org_name": "Workonline Communications(Pty) Ltd",
  "org_address": "114 West St\nJohannesburg 2196"
}