{"org_address": "", "org_name": "", "emails": ["netadm@tagan.ru"], "name": "MGL-AS"}
