{
  "name": "ASN53170",
  "emails": [],
  "org_name": "Cabangu Internet Ltda",
  "org_address": ""
}