{
  "name": "KG-IX",
  "emails": [
    "lir@ix.kg"
  ],
  "org_name": "KG-IX LLC",
  "org_address": "Razzakova st. 55\n720040\nBishkek\nKYRGYZSTAN"
}