{"org_address": "", "org_name": "", "emails": ["ops@coloclue.net", "routers@coloclue.net"], "name": "COLOCLUE-AS"}
